// Jest Snapshot v1, https://goo.gl/fbAQLP

exports[`Given a BackgroundImage component, When it is rendered, Then it should render a brackground image. 1`] = `
<View
  style={
    Object {
      "alignItems": "center",
      "backgroundColor": "white",
      "flex": 1,
      "height": "100%",
      "justifyContent": "center",
      "position": "absolute",
      "width": "100%",
    }
  }
>
  <View
    accessibilityIgnoresInvertColors={true}
    style={
      Object {
        "height": 250,
        "justifyContent": "center",
        "marginBottom": 250,
        "width": 250,
      }
    }
  >
    <Image
      resizeMode="cover"
      source={
        Object {
          "uri": "https://i.ibb.co/qW91Q3W/background-logo.webp",
        }
      }
      style={
        Array [
          Object {
            "bottom": 0,
            "left": 0,
            "position": "absolute",
            "right": 0,
            "top": 0,
          },
          Object {
            "height": 250,
            "width": 250,
          },
          undefined,
        ]
      }
    />
  </View>
</View>
`;
